[roktobondhu.com/index.html]
[backblue.gif]
[fade.gif]
[index.html]
[roktobondhu.com/assets/img/icon.png]
[roktobondhu.com/thumbnail5.jpg]
[roktobondhu.com/thumbnail.jpg]
[roktobondhu.com/assets/css/fontawesome-all.min.css]
[roktobondhu.com/assets/css/bootstrap.min.css]
[roktobondhu.com/assets/css/owl.theme.default.min.css]
[roktobondhu.com/assets/css/owl.carousel.min.css]
[roktobondhu.com/assets/css/normalize.css]
[cdnjs.cloudflare.com/ajax/libs/select2/4.0.0/css/select2.min.css]
[roktobondhu.com/assets/css/default.css]
[roktobondhu.com/assets/css/style.css]
[roktobondhu.com/assets/css/responsive.css]
[connect.facebook.net/en_US/sdk/xfbml.customerchat.js]
[pagead2.googlesyndication.com/pagead/js/f.txt]
[roktobondhu.com/assets/img/logo.png]
[roktobondhu.com/platelet.html]
[roktobondhu.com/thalassemia.html]
[roktobondhu.com/sohojogi.html]
[roktobondhu.com/login.html]
[roktobondhu.com/blog/index.html]
[roktobondhu.com/registration.html]
[roktobondhu.com/assets/oxg.png]
[roktobondhu.com/registration-2.html]
[roktobondhu.com/card.html]
[roktobondhu.com/assets/images/avatar.png]
[roktobondhu.com/assets/images/card/logo2.png]
[roktobondhu.com/assets/Calender.png]
[roktobondhu.com/assets/RoktobondhuCalender.png]
[roktobondhu.com/assets/RoktobondhuCalender.pdf]
[roktobondhu.com/assets/images/fb.jpg]
[roktobondhu.com/assets/images/play.png]
[roktobondhu.com/details.html]
[roktobondhu.com/assets/js/vendor/modernizr-3.5.0.min.js]
[roktobondhu.com/assets/js/vendor/jquery-3.2.1.min.js]
[roktobondhu.com/assets/js/popper.js]
[roktobondhu.com/assets/js/bootstrap.min.js]
[roktobondhu.com/assets/js/config.js]
[roktobondhu.com/assets/js/util.js]
[roktobondhu.com/assets/js/jquery.emojiarea.js]
[roktobondhu.com/assets/js/emoji-picker.js]
[roktobondhu.com/assets/js/owl.carousel.min.js]
[roktobondhu.com/assets/js/html2canvas.min.js]
[roktobondhu.com/assets/js/main.js]
[roktobondhu.com/assets/js/inna.js]
[roktobondhu.com/index.html]
[cdnjs.cloudflare.com/ajax/libs/select2/4.0.0/js/select2.min.js]
[roktobondhu.com/assets/fonts/fa-brands-400.eot]
[roktobondhu.com/assets/fonts/fa-brands-400d41d.eot]
[roktobondhu.com/assets/fonts/fa-brands-400.woff2]
[roktobondhu.com/assets/fonts/fa-brands-400.woff]
[roktobondhu.com/assets/fonts/fa-brands-400.ttf]
[roktobondhu.com/assets/fonts/fa-regular-400.eot]
[roktobondhu.com/assets/fonts/fa-regular-400d41d.eot]
[roktobondhu.com/assets/fonts/fa-brands-400.svg]
[roktobondhu.com/assets/fonts/fa-regular-400.woff2]
[roktobondhu.com/assets/fonts/fa-regular-400.woff]
[roktobondhu.com/assets/fonts/fa-regular-400.ttf]
[roktobondhu.com/assets/fonts/fa-regular-400.svg]
[roktobondhu.com/assets/fonts/fa-solid-900.eot]
[roktobondhu.com/assets/fonts/fa-solid-900d41d.eot]
[roktobondhu.com/assets/fonts/fa-solid-900.woff2]
[roktobondhu.com/assets/fonts/fa-solid-900.woff]
[roktobondhu.com/assets/fonts/fa-solid-900.ttf]
[roktobondhu.com/assets/css/fontawesome-all.min.css]
[roktobondhu.com/assets/css/bootstrap.min.css]
[roktobondhu.com/assets/css/owl.theme.default.min.css]
[roktobondhu.com/assets/fonts/fa-solid-900.svg]
[roktobondhu.com/assets/css/owl.video.play.png]
[roktobondhu.com/assets/css/owl.carousel.min.css]
[roktobondhu.com/assets/css/normalize.css]
[cdnjs.cloudflare.com/ajax/libs/select2/4.0.0/css/select2.min.css]
[roktobondhu.com/assets/css/default.css]
[roktobondhu.com/assets/fonts/Kalpurush.woff2]
[roktobondhu.com/assets/fonts/Kalpurush.woff]
[roktobondhu.com/assets/fonts/TonnyBanglaMJ.woff2]
[roktobondhu.com/assets/fonts/TonnyBanglaMJ.woff]
[roktobondhu.com/assets/fonts/TonnyBanglaMJBold.woff2]
[roktobondhu.com/assets/fonts/TonnyBanglaMJBold.woff]
[roktobondhu.com/assets/images/preloader.gif]
[roktobondhu.com/assets/images/search_ba_1.jpg]
[roktobondhu.com/assets/images/card/bg.jpg]
[roktobondhu.com/assets/css/style.css]
[roktobondhu.com/assets/css/responsive.css]
[roktobondhu.com/restserver.4a.delayed]
[roktobondhu.com/chrome-extension_/index.html]
[roktobondhu.com/^([^_/indexd41d.html]
[roktobondhu.com/GET]
[connect.facebook.net/en_US/sdk/xfbml.customerchat.js]
[roktobondhu.com/ABCDEFGHIJKLMNOPQRSTUVWXYZabcdefghijklmnopqrstuvwxyz0123456789+/index.html]
[roktobondhu.com/dialog/index.html]
[roktobondhu.com/platelet.html]
[roktobondhu.com/login-2.html]
[roktobondhu.com/thalassemia.html]
[roktobondhu.com/thalassemia-details.html]
[roktobondhu.com/cdn-cgi/l/email-protection.html]
[roktobondhu.com/sohojogi.html]
[roktobondhu.com/cdn-cgi/scripts/5c5dd728/cloudflare-static/email-decode.min.js]
[roktobondhu.com/blog/wp-content/plugins/super-socializer/images/close.png]
[roktobondhu.com/blog/ভুল-স্ক্রিনিং-রিপোর্ট/index.html]
[roktobondhu.com/blog/wp-content/plugins/super-socializer/images/logo.png]
[roktobondhu.com/blog/wp-content/themes/roktobondhu/assets/css/bootstrap.min9f31.css]
[roktobondhu.com/blog/page/2/index.html]
[use.fontawesome.com/releases/v5.6.3/css/all9f31.css]
[roktobondhu.com/blog/wp-content/themes/roktobondhu/assets/css/normalize9f31.css]
[roktobondhu.com/blog/wp-content/themes/roktobondhu/assets/css/style9f31.css]
[roktobondhu.com/blog/wp-content/themes/roktobondhu/style9f31.css]
[roktobondhu.com/blog/wp-content/themes/roktobondhu/assets/css/responsive9f31.css]
[roktobondhu.com/blog/wp-content/plugins/super-socializer/css/front76d9.css]
[roktobondhu.com/blog/wp-content/plugins/super-socializer/css/share-svg76d9.css]
[roktobondhu.com/blog/wp-includes/js/jquery/jquery.min9d52.js]
[roktobondhu.com/blog/wp-includes/js/jquery/jquery-migrate.mind617.js]
[roktobondhu.com/blog/xmlrpc0db0.php]
[roktobondhu.com/blog/wp-includes/wlwmanifest.xml]
[roktobondhu.com/blog/wp-content/uploads/2020/07/logo-2.png]
[roktobondhu.com/blog/wp-json/index.html]
[roktobondhu.com/blog/wp-content/uploads/2021/06/20210628_194945.jpg]
[roktobondhu.com/blog/category/ক্যাম্পেইন-নিউজ/index.html]
[roktobondhu.com/blog/wp-content/uploads/2021/06/PicsArt_06-22-04.55.58.jpg]
[roktobondhu.com/blog/category/প্রথম-রক্তদান/index.html]
[roktobondhu.com/blog/category/রক্তদানের-অভিজ্ঞতা/index.html]
[roktobondhu.com/blog/category/রক্তদানের-গল্প/index.html]
[roktobondhu.com/blog/category/রক্তবন্ধু-গ্যালারি/index.html]
[roktobondhu.com/blog/category/অনুপ্রেরণা/index.html]
[roktobondhu.com/blog/category/কবিতা/index.html]
[roktobondhu.com/blog/wp-content/uploads/2021/06/20210606_073300.jpg]
[roktobondhu.com/blog/category/সংবাদ/index.html]
[roktobondhu.com/blog/category/রক্ততথ্য/index.html]
[roktobondhu.com/blog/wp-content/uploads/2021/05/PicsArt_05-29-09.33.34.jpg]
[roktobondhu.com/blog/ভাষা-দিয়ে-রক্তসেবা/index.html]
[roktobondhu.com/blog/পথশিশু-ফাউন্ডেশনের/index.html]
[roktobondhu.com/blog/হিমাংশুর-রক্তদান/index.html]
[roktobondhu.com/blog/wp-content/uploads/2021/05/PicsArt_05-20-08.20.33.jpg]
[roktobondhu.com/blog/রক্তদাতা-খোঁজ-অভিনব-কৌশল/index.html]
[roktobondhu.com/blog/৮৮-কি-মি-পাড়ি-দিয়ে-লকডাউনে/index.html]
[roktobondhu.com/blog/wp-content/uploads/2021/05/PicsArt_05-05-10.26.05.jpg]
[roktobondhu.com/blog/wp-content/uploads/2021/05/PicsArt_05-04-08.26.08.jpg]
[roktobondhu.com/blog/wp-content/uploads/2021/04/PicsArt_04-27-09.38.13_compress94.jpg]
[roktobondhu.com/blog/wp-content/uploads/2021/04/20210427_131036.jpg]
[roktobondhu.com/blog/করোনা-প্রতিরোধে-খাবার/index.html]
[roktobondhu.com/blog/wp-content/themes/roktobondhu/assets/js/popper4963.js]
[roktobondhu.com/blog/wp-content/themes/roktobondhu/assets/js/bootstrap.min4963.js]
[roktobondhu.com/blog/রক্তকমলের-উদ্যোগে/index.html]
[roktobondhu.com/blog/wp-content/themes/roktobondhu/assets/js/vendor/modernizr-3.5.0.min4963.js]
[roktobondhu.com/blog/wp-content/themes/roktobondhu/assets/js/custom4963.js]
[roktobondhu.com/blog/wp-content/plugins/super-socializer/js/front/social_login/general76d9.js]
[roktobondhu.com/blog/wp-content/plugins/super-socializer/js/front/facebook/sdk76d9.js]
[roktobondhu.com/blog/wp-content/plugins/super-socializer/js/front/facebook/commenting76d9.js]
[roktobondhu.com/blog/রোজা-রেখে-রক্তদান-video-সহ/index.html]
[roktobondhu.com/blog/page/3/index.html]
[roktobondhu.com/blog/page/10/index.html]
[roktobondhu.com/blog/wp-content/plugins/super-socializer/js/front/sharing/sharing76d9.js]
[roktobondhu.com/blog/index.html]
[roktobondhu.com/blog/wp-includes/js/wp-embed.min9f31.js]
[fonts.maateen.me/adorsho-lipi/font.css]
[roktobondhu.com/login.html]
[roktobondhu.com/registration.html]
[roktobondhu.com/registration-2.html]
[roktobondhu.com/index-2.html]
[roktobondhu.com/assets/images/card/colors/c1.png]
[roktobondhu.com/assets/images/card/colors/c2.png]
[roktobondhu.com/assets/images/card/colors/c3.png]
[roktobondhu.com/assets/images/card/colors/c4.png]
[roktobondhu.com/assets/images/card/colors/c5.png]
[roktobondhu.com/card.html]
[roktobondhu.com/details.html]
[roktobondhu.com/assets/fonts/fa-brands-400.html]
[roktobondhu.com/assets/fonts/fa-brands-400d41d.html]
[roktobondhu.com/assets/fonts/fa-brands-401.html]
[roktobondhu.com/blog/ভলান্টিয়ার-হতে-চান/index.html]
[roktobondhu.com/assets/fonts/fa-brands-400.svg]
[roktobondhu.com/assets/fonts/fa-regular-400.html]
[roktobondhu.com/assets/fonts/fa-regular-400d41d.html]
[roktobondhu.com/assets/fonts/fa-regular-401.html]
[roktobondhu.com/assets/fonts/fa-regular-400.svg]
[roktobondhu.com/assets/fonts/fa-solid-900.html]
[roktobondhu.com/assets/fonts/fa-solid-900d41d.html]
[roktobondhu.com/assets/fonts/fa-solid-901.html]
[roktobondhu.com/assets/fonts/fa-solid-900.svg]
[roktobondhu.com/assets/css/owl.video.play.html]
[roktobondhu.com/chrome-extension_/index.html]
[roktobondhu.com/^([^_/indexd41d.html]
[roktobondhu.com/restserver.html]
[roktobondhu.com/ABCDEFGHIJKLMNOPQRSTUVWXYZabcdefghijklmnopqrstuvwxyz0123456789+/index.html]
[roktobondhu.com/GET.html]
[roktobondhu.com/dialog/index.html]
[roktobondhu.com/login-2.html]
[roktobondhu.com/thalassemia-details.html]
[roktobondhu.com/cdn-cgi/l/email-protection.html]
[roktobondhu.com/blog/ভুল-স্ক্রিনিং-রিপোর্ট/index.html]
[roktobondhu.com/blog/wp-admin/admin-ajax.html]
[roktobondhu.com/blog/wp-content/uploads/2021/04/PicsArt_04-25-12.58.15_compress46.jpg]
[roktobondhu.com/blog/রক্তদানে-বাবার-সহযোগিতা/index.html]
[roktobondhu.com/blog/শিক্ষকের-অনুপ্রেরণায়/index.html]
[roktobondhu.com/blog/হুটহাট-রক্তদাতা-ফেরেশতা/index.html]
[roktobondhu.com/blog/wp-content/uploads/2021/04/PicsArt_04-24-05.42.35.jpg]
[roktobondhu.com/blog/wp-content/uploads/2021/04/PicsArt_04-05-09.27.53.jpg]
[roktobondhu.com/blog/বগুড়া-মোমেনা-অনলাইন/index.html]
[roktobondhu.com/blog/wp-content/uploads/2021/03/20210327_185115.jpg]
[roktobondhu.com/blog/delivery-volunteer-guideline/index.html]
[roktobondhu.com/blog/wp-content/uploads/2021/03/PicsArt_03-22-04.14.22.jpg]
[roktobondhu.com/blog/wp-content/uploads/2021/03/FB_IMG_1616349054717.jpg]
[roktobondhu.com/blog/বুলবুলি-পাড়া-সমাজ-কল্যাণ/index.html]
[roktobondhu.com/blog/মানবসেবায়-রক্তদান-কমিটি/index.html]
[roktobondhu.com/blog/wp-content/uploads/2021/03/PicsArt_03-11-08.27.51.jpg]
[roktobondhu.com/blog/wp-content/uploads/2021/03/20210307_115602.jpg]
[roktobondhu.com/blog/গ্রুপ-নির্ণয়-কুরআন-বিতরণ/index.html]
[roktobondhu.com/blog/একসাথে-৩টি-ইচ্ছে-পূরণ/index.html]
[roktobondhu.com/blog/wp-content/uploads/2021/03/PicsArt_03-06-01.02.32.jpg]
[roktobondhu.com/blog/page/2/index.html]
[roktobondhu.com/blog/wp-content/themes/roktobondhu/assets/css/bootstrap.min9f31.css]
[use.fontawesome.com/releases/v5.6.3/css/all9f31.css]
[roktobondhu.com/blog/wp-content/themes/roktobondhu/assets/css/normalize9f31.css]
[roktobondhu.com/blog/page/4/index.html]
[roktobondhu.com/blog/wp-content/themes/roktobondhu/assets/fonts/Kalpurush.woff2]
[roktobondhu.com/blog/wp-content/themes/roktobondhu/assets/fonts/Kalpurush.woff]
[roktobondhu.com/blog/wp-content/themes/roktobondhu/assets/fonts/TonnyBanglaMJ.woff2]
[roktobondhu.com/blog/wp-content/themes/roktobondhu/assets/fonts/TonnyBanglaMJ.woff]
[roktobondhu.com/blog/wp-content/themes/roktobondhu/assets/fonts/TonnyBanglaMJBold.woff2]
[roktobondhu.com/blog/wp-content/themes/roktobondhu/assets/fonts/TonnyBanglaMJBold.woff]
[roktobondhu.com/blog/wp-content/themes/roktobondhu/assets/images/preloader.gif]
[roktobondhu.com/blog/wp-content/themes/roktobondhu/assets/css/style9f31.css]
[roktobondhu.com/blog/wp-content/themes/roktobondhu/style9f31.css]
[roktobondhu.com/blog/wp-content/themes/roktobondhu/assets/css/responsive9f31.css]
[roktobondhu.com/blog/wp-content/plugins/super-socializer/images/transparent_bg.png]
[roktobondhu.com/blog/wp-content/plugins/super-socializer/images/login/login.png]
[roktobondhu.com/blog/wp-content/plugins/super-socializer/css/front76d9.css]
[roktobondhu.com/blog/wp-content/plugins/super-socializer/css/share-svg76d9.css]
[www.googletagmanager.com/gtm5445.html]
[roktobondhu.com/blog/category/ক্যাম্পেইন-নিউজ/index.html]
[roktobondhu.com/blog/category/প্রথম-রক্তদান/index.html]
[roktobondhu.com/blog/category/রক্তদানের-অভিজ্ঞতা/index.html]
[roktobondhu.com/blog/category/রক্তদানের-গল্প/index.html]
[roktobondhu.com/blog/category/রক্তবন্ধু-গ্যালারি/index.html]
[roktobondhu.com/blog/category/অনুপ্রেরণা/index.html]
[roktobondhu.com/blog/category/কবিতা/index.html]
[roktobondhu.com/blog/category/রক্ততথ্য/index.html]
[roktobondhu.com/blog/category/সংবাদ/index.html]
[roktobondhu.com/blog/ভাষা-দিয়ে-রক্তসেবা/index.html]
[roktobondhu.com/blog/পথশিশু-ফাউন্ডেশনের/index.html]
[roktobondhu.com/blog/হিমাংশুর-রক্তদান/index.html]
[roktobondhu.com/blog/রক্তদাতা-খোঁজ-অভিনব-কৌশল/index.html]
[roktobondhu.com/blog/৮৮-কি-মি-পাড়ি-দিয়ে-লকডাউনে/index.html]
[roktobondhu.com/blog/করোনা-প্রতিরোধে-খাবার/index.html]
[roktobondhu.com/blog/রক্তকমলের-উদ্যোগে/index.html]
[roktobondhu.com/blog/রোজা-রেখে-রক্তদান-video-সহ/index.html]
[roktobondhu.com/blog/amb-ক্লাবের-উদ্যোগ/index.html]
[roktobondhu.com/blog/wp-content/uploads/2021/02/20210228_133312.jpg]
[roktobondhu.com/blog/দিনাজপুরে-ডি-বি-এস-এল/index.html]
[roktobondhu.com/blog/wp-content/uploads/2021/02/20210222_145714.jpg]
[roktobondhu.com/blog/মাতৃভাষা-দিবসে-রক্তবন্ধু/index.html]
[roktobondhu.com/blog/wp-content/uploads/2021/02/IMG-20210221-WA0009.jpg]
[roktobondhu.com/blog/graft-versus-host-disease-ta-gvhd/index.html]
[roktobondhu.com/blog/wp-content/uploads/2021/02/PicsArt_02-19-09.09.40.jpg]
[roktobondhu.com/blog/wp-content/uploads/2021/02/PicsArt_02-17-07.15.36.jpg]
[roktobondhu.com/blog/সুখী-হতে-এর-চেয়ে-বেশি-কিছু/index.html]
[roktobondhu.com/blog/wp-content/uploads/2021/02/20210215_215355.jpg]
[roktobondhu.com/blog/উত্তরায়-খেদমতে-খলক-ব্লাড/index.html]
[roktobondhu.com/blog/ঢামেকে-রক্তদাতার-মৃত্যু/index.html]
[roktobondhu.com/blog/wp-content/uploads/2021/02/PicsArt_02-06-06.04.43.jpg]
[roktobondhu.com/blog/আ-হুরায়রা-মাদরাসায়-ব্লাড/index.html]
[roktobondhu.com/blog/wp-content/uploads/2021/02/received_467099887625177.jpg]
[roktobondhu.com/blog/সড়ক-দুর্ঘটনায়-রক্তদাতার/index.html]
[roktobondhu.com/blog/wp-content/uploads/2021/02/PicsArt_02-01-10.36.05.jpg]
[roktobondhu.com/blog/page/3/index.html]
[roktobondhu.com/blog/একটি-নতুন-সকালের-খোঁজে/index.html]
[roktobondhu.com/blog/page/5/index.html]
[roktobondhu.com/blog/wp-content/uploads/2020/09/20200904_214959-scaled.jpg]
[roktobondhu.com/blog/page/9/index.html]
[roktobondhu.com/blog/wp-content/uploads/2020/07/FB_IMG_1595583314877.jpg]
[roktobondhu.com/blog/রক্তদান-এতোটাই-সহজ/index.html]
[roktobondhu.com/blog/ভৈরবের-হরিপদ/index.html]
[roktobondhu.com/blog/wp-content/uploads/2020/07/20200718_135526.jpg]
[roktobondhu.com/blog/page/10/index.html]
[fonts.maateen.me/adorsho-lipi/AdorshoLipi.eot]
[fonts.maateen.me/adorsho-lipi/AdorshoLipi.woff]
[roktobondhu.com/blog/page/8/index.html]
[fonts.maateen.me/adorsho-lipi/AdorshoLipi.ttf]
[fonts.maateen.me/adorsho-lipi/AdorshoLipi.svg]
[fonts.maateen.me/adorsho-lipi/font.css]
[roktobondhu.com/index-2.html]
[roktobondhu.com/blog/ভলান্টিয়ার-হতে-চান/index.html]
[roktobondhu.com/blog/রক্তদানে-বাবার-সহযোগিতা/index.html]
[roktobondhu.com/blog/শিক্ষকের-অনুপ্রেরণায়/index.html]
[roktobondhu.com/blog/হুটহাট-রক্তদাতা-ফেরেশতা/index.html]
[roktobondhu.com/blog/বগুড়া-মোমেনা-অনলাইন/index.html]
[fonts.maateen.me/adorsho-lipi/AdorshoLipid41d.eot]
[roktobondhu.com/blog/wp-json/wp/v2/posts/545.json]
[roktobondhu.com/blog/delivery-volunteer-guideline/feed/index.html]
[roktobondhu.com/blog/wp-json/oembed/1.0/embedbe06.json]
[roktobondhu.com/blog/wp-json/oembed/1.0/embedecf8]
[connect.facebook.net/en_US/sdk.js]
[roktobondhu.com/blog/থ্যালাসেমিয়া-ও-গর্ভধারণ/index.html]
[roktobondhu.com/blog/wp-content/uploads/2021/01/PicsArt_01-31-12.41.09.jpg]
[roktobondhu.com/blog/delivery-volunteer-guideline/index.html]
[roktobondhu.com/blog/বুলবুলি-পাড়া-সমাজ-কল্যাণ/index.html]
[roktobondhu.com/blog/মানবসেবায়-রক্তদান-কমিটি/index.html]
[roktobondhu.com/blog/গ্রুপ-নির্ণয়-কুরআন-বিতরণ/index.html]
[roktobondhu.com/blog/একসাথে-৩টি-ইচ্ছে-পূরণ/index.html]
[roktobondhu.com/blog/কোভিড-ভেক্সিন-ও-রক্তদান/index.html]
[roktobondhu.com/blog/wp-content/uploads/2021/01/PicsArt_01-28-10.57.05.jpg]
[roktobondhu.com/blog/রক্তদানের-ছবি-শো-অফ/index.html]
[roktobondhu.com/blog/wp-content/uploads/2021/01/PicsArt_01-26-10.26.05.jpg]
[roktobondhu.com/blog/স্বামী-স্ত্রীর-রক্তদান/index.html]
[roktobondhu.com/blog/wp-content/uploads/2021/01/PicsArt_01-25-11.33.10.jpg]
[roktobondhu.com/blog/রক্তে-হিমোগ্লোবিন/index.html]
[roktobondhu.com/blog/wp-content/uploads/2021/01/PicsArt_01-25-04.47.50.jpg]
[roktobondhu.com/blog/বাবার-মৃত্যুবার্ষিকীতে/index.html]
[roktobondhu.com/blog/wp-content/uploads/2021/01/PicsArt_01-24-11.45.50.jpg]
[roktobondhu.com/blog/রক্তের-সন্ধানে-সিরাজগঞ্জ/index.html]
[roktobondhu.com/blog/wp-content/uploads/2021/01/20210122_234205.jpg]
[roktobondhu.com/blog/অন্ধ-রতনের-রক্তদান/index.html]
[roktobondhu.com/blog/wp-content/uploads/2021/01/PicsArt_01-21-12.56.34.jpg]
[roktobondhu.com/blog/wp-content/uploads/2021/01/received_234388571592249.jpg]
[roktobondhu.com/blog/page/4/index.html]
[roktobondhu.com/blog/amb-ক্লাবের-উদ্যোগ/index.html]
[roktobondhu.com/blog/দিনাজপুরে-ডি-বি-এস-এল/index.html]
[roktobondhu.com/blog/মাতৃভাষা-দিবসে-রক্তবন্ধু/index.html]
[roktobondhu.com/blog/করতোয়া-মানব-কল্যাণ/index.html]
[roktobondhu.com/blog/graft-versus-host-disease-ta-gvhd/feed/index.html]
[roktobondhu.com/blog/page/6/index.html]
[roktobondhu.com/blog/wp-json/wp/v2/posts/500.json]
[roktobondhu.com/blog/wp-json/oembed/1.0/embed77c8.json]
[roktobondhu.com/blog/wp-json/oembed/1.0/embed1482]
[roktobondhu.com/blog/wp-content/uploads/2021/02/FB_IMG_1613661412962-225x300.jpg]
[roktobondhu.com/blog/graft-versus-host-disease-ta-gvhd/index.html]
[roktobondhu.com/blog/সুখী-হতে-এর-চেয়ে-বেশি-কিছু/index.html]
[roktobondhu.com/blog/উত্তরায়-খেদমতে-খলক-ব্লাড/index.html]
[roktobondhu.com/blog/ঢামেকে-রক্তদাতার-মৃত্যু/index.html]
[roktobondhu.com/blog/আ-হুরায়রা-মাদরাসায়-ব্লাড/index.html]
[roktobondhu.com/blog/সড়ক-দুর্ঘটনায়-রক্তদাতার/index.html]
[roktobondhu.com/blog/wp-content/uploads/2021/01/FB_IMG_1610298418317.jpg]
[roktobondhu.com/blog/রক্তকমলের-উদ্যোগ/index.html]
[roktobondhu.com/blog/দুই-আঁটি-কচুশাক/index.html]
[roktobondhu.com/blog/wp-content/uploads/2021/01/PicsArt_01-07-04.08.43.jpg]
[roktobondhu.com/blog/রক্তদানের-পর-হাতে-দাগ/index.html]
[roktobondhu.com/blog/wp-content/uploads/2021/01/FB_IMG_1609690023186-rotated.jpg]
[roktobondhu.com/blog/wp-content/uploads/2021/01/received_306065437515517.jpg]
[roktobondhu.com/blog/২০২১-বরণ-করতে-রেডলাইফ/index.html]
[roktobondhu.com/blog/হিউম্যানিটি-অব-সোসাইটি/index.html]
[roktobondhu.com/blog/wp-content/uploads/2020/12/20201222_225502.jpg]
[roktobondhu.com/blog/কনের-বাড়িতে-রক্তের-গ্রুপ/index.html]
[roktobondhu.com/blog/wp-content/uploads/2020/12/20201219_144251.jpg]
[roktobondhu.com/blog/বিজয়-দিবসের-আহ্বান/index.html]
[roktobondhu.com/blog/wp-content/uploads/2020/12/PicsArt_12-16-01.55.38.jpg]
[roktobondhu.com/blog/মানবতার-সৈনিক-কুমিল্লা/index.html]
[roktobondhu.com/blog/wp-content/uploads/2020/12/20201212_093612.jpg]
[roktobondhu.com/blog/আকস্মিক-প্রয়োজনে-পাশে/index.html]
[roktobondhu.com/blog/wp-content/uploads/2020/12/PicsArt_12-06-11.23.55.jpg]
[roktobondhu.com/blog/page/5/index.html]
[roktobondhu.com/blog/একটি-নতুন-সকালের-খোঁজে/index.html]
[roktobondhu.com/blog/page/7/index.html]
[roktobondhu.com/blog/wp-content/uploads/2020/09/FB_IMG_1600430098174.jpg]
[roktobondhu.com/blog/storyof14th_prodip/index.html]
[roktobondhu.com/blog/wp-content/uploads/2020/09/PicsArt_10-17-11.19.09.png]
[roktobondhu.com/blog/4months/index.html]
[roktobondhu.com/blog/wp-content/uploads/2020/09/PicsArt_09-16-09.32.54.jpg]
[roktobondhu.com/blog/woman-donor/index.html]
[roktobondhu.com/blog/wpm_in_blood_bag/index.html]
[roktobondhu.com/blog/wp-content/uploads/2020/09/PicsArt_09-15-10.42.47.jpg]
[roktobondhu.com/blog/bdclean-roktobondhu/index.html]
[roktobondhu.com/blog/wp-content/uploads/2020/09/received_2397594687208424-scaled.jpg]
[roktobondhu.com/blog/dr-edricbaker/index.html]
[roktobondhu.com/blog/wp-content/uploads/2020/09/PicsArt_09-08-01.50.07.jpg]
[roktobondhu.com/blog/অপেক্ষা/index.html]
[roktobondhu.com/blog/wp-content/uploads/2020/09/PicsArt_09-05-10.04.02.jpg]
[roktobondhu.com/blog/javednasim/index.html]
[roktobondhu.com/blog/wp-content/uploads/2020/09/PicsArt_09-05-01.06.59.jpg]
[roktobondhu.com/blog/sazzadurrahman/index.html]
[roktobondhu.com/blog/wp-content/uploads/2020/09/PicsArt_09-05-12.22.27.jpg]
[roktobondhu.com/blog/page/9/index.html]
[roktobondhu.com/blog/রক্তদান-এতোটাই-সহজ/index.html]
[roktobondhu.com/blog/ভৈরবের-হরিপদ/index.html]
[roktobondhu.com/blog/মিমির-২০০মিলি-রক্তদান/index.html]
[roktobondhu.com/blog/wp-content/uploads/2020/10/PicsArt_10-29-12.00.56.jpg]
[roktobondhu.com/blog/প্রথম-ভালোবাসা/index.html]
[roktobondhu.com/blog/wp-content/uploads/2020/10/PicsArt_10-24-01.41.01.jpg]
[roktobondhu.com/blog/বাড়ি-হইতে-৫৬৮-কি-মি-দূরে/index.html]
[roktobondhu.com/blog/wp-content/uploads/2020/10/PicsArt_10-22-11.22.18.jpg]
[roktobondhu.com/blog/কিশোর-সন্ত্রাসীদের-হাতে/index.html]
[roktobondhu.com/blog/wp-content/uploads/2020/10/PicsArt_10-14-07.21.53.jpg]
[roktobondhu.com/blog/রক্তবন্ধু-হয়ে-ওঠার-গল্প/index.html]
[roktobondhu.com/blog/wp-content/uploads/2020/10/IMG-20201009-WA0001.jpg]
[roktobondhu.com/blog/হোল-ব্লাড-vs-শুধু-প্লাটিলেট/index.html]
[roktobondhu.com/blog/wp-content/uploads/2020/10/20201004_000905.jpg]
[roktobondhu.com/blog/wp-content/uploads/2020/09/blood-in20190326155849.jpg]
[roktobondhu.com/blog/roktodan_rozi/index.html]
[roktobondhu.com/blog/logno_1stdonationstroy/index.html]
[roktobondhu.com/blog/wp-content/uploads/2020/09/PicsArt_09-19-02.51.30.jpg]
[roktobondhu.com/blog/gaibandha_blood_donors_association/index.html]
[roktobondhu.com/blog/wp-content/uploads/2020/09/PicsArt_09-18-11.19.20.jpg]
[roktobondhu.com/blog/page/8/index.html]
[fonts.maateen.me/adorsho-lipi/AdorshoLipi.svg]
[code.jquery.com/ui/1.12.1/jquery-ui.js]
[code.jquery.com/ui/1.12.1/themes/base/jquery-ui.css]
[roktobondhu.com/blog/index3a3f.html]
[connect.facebook.net/en_US/sdk.js]
[roktobondhu.com/blog/থ্যালাসেমিয়া-ও-গর্ভধারণ/index.html]
[roktobondhu.com/blog/কোভিড-ভেক্সিন-ও-রক্তদান/index.html]
[roktobondhu.com/blog/রক্তদানের-ছবি-শো-অফ/index.html]
[roktobondhu.com/blog/স্বামী-স্ত্রীর-রক্তদান/index.html]
[roktobondhu.com/blog/রক্তে-হিমোগ্লোবিন/index.html]
[roktobondhu.com/blog/বাবার-মৃত্যুবার্ষিকীতে/index.html]
[roktobondhu.com/blog/রক্তের-সন্ধানে-সিরাজগঞ্জ/index.html]
[roktobondhu.com/blog/অন্ধ-রতনের-রক্তদান/index.html]
[roktobondhu.com/blog/করতোয়া-মানব-কল্যাণ/index.html]
[roktobondhu.com/blog/wp-content/uploads/2020/12/PicsArt_12-03-12.08.59.jpg]
[roktobondhu.com/blog/রক্তবন্ধু-লালমনিরহাট/index.html]
[roktobondhu.com/blog/wp-content/uploads/2020/12/PicsArt_12-02-09.20.44_compress44.jpg]
[roktobondhu.com/blog/wp-content/uploads/2020/12/20201202_235953_compress30.jpg]
[roktobondhu.com/blog/রেডলাইফ-এর-আয়োজনে/index.html]
[roktobondhu.com/blog/রক্তবন্ধু-নীলফামারী/index.html]
[roktobondhu.com/blog/wp-content/uploads/2020/11/PicsArt_11-27-08.43.00_compress6.jpg]
[roktobondhu.com/blog/ঠাকুরগাঁও-রক্তবন্ধুর-টিম/index.html]
[roktobondhu.com/blog/wp-content/uploads/2020/11/20201115_103444.jpg]
[roktobondhu.com/blog/wp-content/uploads/2020/11/20201114_230825.jpg]
[roktobondhu.com/blog/ও-নেগেটিভ-ডোনার-আমি/index.html]
[roktobondhu.com/blog/রক্তবন্ধু-পঞ্চগড়-১/index.html]
[roktobondhu.com/blog/wp-content/uploads/2020/11/20201107_231000.jpg]
[roktobondhu.com/blog/যশোরে-তারুণ্যের-স্বপ্ন/index.html]
[roktobondhu.com/blog/wp-content/uploads/2020/11/20201106_180122.jpg]
[roktobondhu.com/blog/একজন-আব্দুর-রহিম-স্যার/index.html]
[roktobondhu.com/blog/wp-content/uploads/2020/11/PicsArt_11-06-12.58.29.jpg]
[roktobondhu.com/blog/page/6/index.html]
[roktobondhu.com/blog/index2d25.html]
[roktobondhu.com/blog/রক্তকমলের-উদ্যোগ/index.html]
[roktobondhu.com/blog/দুই-আঁটি-কচুশাক/index.html]
[roktobondhu.com/blog/রক্তদানের-পর-হাতে-দাগ/index.html]
[roktobondhu.com/blog/২০২১-বরণ-করতে-রেডলাইফ/index.html]
[roktobondhu.com/blog/হিউম্যানিটি-অব-সোসাইটি/index.html]
[roktobondhu.com/blog/কনের-বাড়িতে-রক্তের-গ্রুপ/index.html]
[roktobondhu.com/blog/বিজয়-দিবসের-আহ্বান/index.html]
[roktobondhu.com/blog/মানবতার-সৈনিক-কুমিল্লা/index.html]
[roktobondhu.com/blog/আকস্মিক-প্রয়োজনে-পাশে/index.html]
[roktobondhu.com/blog/শিক্ষাগুরুর-রক্তদান/index.html]
[roktobondhu.com/blog/wp-content/uploads/2020/11/PicsArt_11-05-10.52.18.jpg]
[roktobondhu.com/blog/যেখানে-প্রয়োজন-সেখানেই/index.html]
[roktobondhu.com/blog/wp-content/uploads/2020/11/20201105_004705.jpg]
[roktobondhu.com/blog/লড়াকু-সৈনিকের-রক্তদান/index.html]
[roktobondhu.com/blog/wp-content/uploads/2020/11/PicsArt_11-04-09.34.00.jpg]
[roktobondhu.com/blog/wp-content/uploads/2020/11/FB_IMG_1604490174042.jpg]
[roktobondhu.com/blog/এ-কেমন-মানসিকতা/index.html]
[roktobondhu.com/blog/wp-content/uploads/2020/11/received_2692958817686651.jpg]
[roktobondhu.com/blog/অদম্য-রক্তকমল-ফরহাদ/index.html]
[roktobondhu.com/blog/wp-content/uploads/2020/11/PicsArt_11-02-01.44.45.jpg]
[roktobondhu.com/blog/জাতীয়-রক্তদান-দিবস/index.html]
[roktobondhu.com/blog/বুড়োটাকে-সাথে-রাখুন/index.html]
[roktobondhu.com/blog/wp-content/uploads/2020/11/PicsArt_11-01-12.57.27.jpg]
[roktobondhu.com/blog/কুমিল্লায়-এফেরেসিস-মেশিন/index.html]
[roktobondhu.com/blog/wp-content/uploads/2020/10/PicsArt_10-31-05.01.03.jpg]
[roktobondhu.com/blog/মনতাজের-এ-প্লাস-প্রাপ্তি/index.html]
[roktobondhu.com/blog/wp-content/uploads/2020/10/FB_IMG_1604084132611.jpg]
[roktobondhu.com/blog/page/7/index.html]
[roktobondhu.com/blog/storyof14th_prodip/feed/index.html]
[roktobondhu.com/blog/wp-json/wp/v2/posts/139.json]
[roktobondhu.com/blog/wp-json/oembed/1.0/embed5934.json]
[roktobondhu.com/blog/wp-json/oembed/1.0/embeda9ec]
[roktobondhu.com/blog/wp-content/uploads/2020/09/FB_IMG_1600430109723-300x225.jpg]
[roktobondhu.com/blog/storyof14th_prodip/index.html]
[roktobondhu.com/blog/4months/feed/index.html]
[roktobondhu.com/blog/wp-json/wp/v2/posts/127.json]
[roktobondhu.com/blog/wp-json/oembed/1.0/embeda20f.json]
[roktobondhu.com/blog/wp-json/oembed/1.0/embed077d]
[roktobondhu.com/blog/wp-content/uploads/2020/10/PicsArt_10-28-10.44.59-300x208.png]
[roktobondhu.com/blog/4months/index.html]
[roktobondhu.com/blog/wp-json/wp/v2/posts/116.json]
[roktobondhu.com/blog/woman-donor/feed/index.html]
[roktobondhu.com/blog/wp-json/oembed/1.0/embed848d.json]
[roktobondhu.com/blog/wp-json/oembed/1.0/embed03d0]
[roktobondhu.com/blog/wp-content/uploads/2020/09/PicsArt_09-16-09.36.19-187x300.jpg]
[roktobondhu.com/blog/wp-content/uploads/2020/09/PicsArt_09-16-09.34.51-218x300.jpg]
[roktobondhu.com/blog/wp-content/uploads/2020/09/received_2663652073744378-225x300.jpg]
[roktobondhu.com/blog/woman-donor/index.html]
[roktobondhu.com/blog/wpm_in_blood_bag/feed/index.html]
[roktobondhu.com/blog/wp-json/wp/v2/posts/110.json]
[roktobondhu.com/blog/wp-json/oembed/1.0/embedaa85.json]
[roktobondhu.com/blog/wpm_in_blood_bag/index.html]
[roktobondhu.com/blog/wp-json/oembed/1.0/embed0089]
[roktobondhu.com/blog/bdclean-roktobondhu/feed/index.html]
[roktobondhu.com/blog/wp-json/wp/v2/posts/97.json]
[roktobondhu.com/blog/wp-json/oembed/1.0/embed5189.json]
[roktobondhu.com/blog/wp-json/oembed/1.0/embedc457]
[roktobondhu.com/blog/wp-content/uploads/2020/09/received_3599069356794443-300x200.jpg]
[roktobondhu.com/blog/bdclean-roktobondhu/index.html]
[roktobondhu.com/blog/dr-edricbaker/feed/index.html]
[roktobondhu.com/blog/wp-json/wp/v2/posts/86.json]
[roktobondhu.com/blog/wp-json/oembed/1.0/embedbaf0.json]
[roktobondhu.com/blog/wp-json/oembed/1.0/embedad08]
[roktobondhu.com/blog/wp-content/uploads/2020/09/PicsArt_09-08-01.09.33-300x155.jpg]
[roktobondhu.com/blog/dr-edricbaker/index.html]
[roktobondhu.com/blog/অপেক্ষা/index.html]
[roktobondhu.com/blog/javednasim/feed/index.html]
[roktobondhu.com/blog/wp-json/wp/v2/posts/69.json]
[roktobondhu.com/blog/wp-json/oembed/1.0/embed3586.json]
[roktobondhu.com/blog/wp-json/oembed/1.0/embed4aa5]
[roktobondhu.com/blog/wp-content/uploads/2020/09/received_630361221215145-225x300.jpg]
[roktobondhu.com/blog/javednasim/index.html]
[roktobondhu.com/blog/wp-json/wp/v2/posts/61.json]
[roktobondhu.com/blog/sazzadurrahman/feed/index.html]
[roktobondhu.com/blog/wp-json/oembed/1.0/embed36b9.json]
[roktobondhu.com/blog/sazzadurrahman/index.html]
[roktobondhu.com/blog/মিমির-২০০মিলি-রক্তদান/index.html]
[roktobondhu.com/blog/প্রথম-ভালোবাসা/index.html]
[roktobondhu.com/blog/বাড়ি-হইতে-৫৬৮-কি-মি-দূরে/index.html]
[roktobondhu.com/blog/কিশোর-সন্ত্রাসীদের-হাতে/index.html]
[roktobondhu.com/blog/রক্তবন্ধু-হয়ে-ওঠার-গল্প/index.html]
[roktobondhu.com/blog/হোল-ব্লাড-vs-শুধু-প্লাটিলেট/index.html]
[roktobondhu.com/blog/wp-json/oembed/1.0/embedf227]
[roktobondhu.com/blog/wp-json/wp/v2/posts/155.json]
[roktobondhu.com/blog/roktodan_rozi/feed/index.html]
[roktobondhu.com/blog/wp-json/oembed/1.0/embed70fc.json]
[roktobondhu.com/blog/roktodan_rozi/index.html]
[roktobondhu.com/blog/wp-json/oembed/1.0/embedf139]
[roktobondhu.com/blog/logno_1stdonationstroy/feed/index.html]
[roktobondhu.com/blog/wp-json/wp/v2/posts/149.json]
[roktobondhu.com/blog/wp-json/oembed/1.0/embed4ae2.json]
[roktobondhu.com/blog/wp-json/oembed/1.0/embed497c]
[roktobondhu.com/blog/wp-content/uploads/2020/09/received_338234987419744-225x300.jpg]
[roktobondhu.com/blog/logno_1stdonationstroy/index.html]
[roktobondhu.com/blog/gaibandha_blood_donors_association/feed/index.html]
[roktobondhu.com/blog/wp-json/wp/v2/posts/143.json]
[roktobondhu.com/blog/wp-json/oembed/1.0/embed7acd.json]
[roktobondhu.com/blog/gaibandha_blood_donors_association/index.html]
[roktobondhu.com/blog/রক্তবন্ধু-লালমনিরহাট/index.html]
[roktobondhu.com/blog/রেডলাইফ-এর-আয়োজনে/index.html]
[roktobondhu.com/blog/রক্তবন্ধু-নীলফামারী/index.html]
[roktobondhu.com/blog/ঠাকুরগাঁও-রক্তবন্ধুর-টিম/index.html]
[roktobondhu.com/blog/ও-নেগেটিভ-ডোনার-আমি/index.html]
[roktobondhu.com/blog/রক্তবন্ধু-পঞ্চগড়-১/index.html]
[roktobondhu.com/blog/যশোরে-তারুণ্যের-স্বপ্ন/index.html]
[roktobondhu.com/blog/একজন-আব্দুর-রহিম-স্যার/index.html]
[roktobondhu.com/blog/শিক্ষাগুরুর-রক্তদান/index.html]
[roktobondhu.com/blog/যেখানে-প্রয়োজন-সেখানেই/index.html]
[roktobondhu.com/blog/লড়াকু-সৈনিকের-রক্তদান/index.html]
[roktobondhu.com/blog/এ-কেমন-মানসিকতা/index.html]
[roktobondhu.com/blog/অদম্য-রক্তকমল-ফরহাদ/index.html]
[roktobondhu.com/blog/জাতীয়-রক্তদান-দিবস/index.html]
[roktobondhu.com/blog/বুড়োটাকে-সাথে-রাখুন/index.html]
[roktobondhu.com/blog/কুমিল্লায়-এফেরেসিস-মেশিন/index.html]
[roktobondhu.com/blog/মনতাজের-এ-প্লাস-প্রাপ্তি/index.html]
[roktobondhu.com/blog/indexb4d2.html]
[roktobondhu.com/blog/index9751.html]
[roktobondhu.com/blog/indexd78c.html]
[roktobondhu.com/blog/index5f87.html]
[roktobondhu.com/blog/indexb190.html]
[roktobondhu.com/blog/index6213.html]
[roktobondhu.com/blog/indexe2dc.html]
[roktobondhu.com/blog/index094d.html]
[roktobondhu.com/blog/index43b2.html]
[roktobondhu.com/blog/index8bc8.html]
[roktobondhu.com/blog/indexdc22.html]
[roktobondhu.com/blog/wp-json/oembed/1.0/embedab22]
